// Jest Snapshot v1, https://goo.gl/fbAQLP

exports[`Gto displays whatever gto says 1`] = `
.c0 {
  display: -webkit-box;
  display: -webkit-flex;
  display: -ms-flexbox;
  display: flex;
  margin: 10px auto;
  font-weight: bold;
  font-size: 2em;
}

<div>
  <div
    class="c0"
  >
    FOO
  </div>
</div>
`;
