// Jest Snapshot v1, https://goo.gl/fbAQLP

exports[`Gto displays whatever gto says 1`] = `
<div>
  <div
    class="action"
  >
    You should : 
    OPEN
  </div>
</div>
`;
